Reading netlist file: "C:\Users\p_m_a\Aurora\Corpus\CORPUS-FPGA-v0.1\CORPUS-FPGA-v0.1\boards\tang_nano_9k\impl\gwsynthesis\corpus.vg"
Parsing netlist file "C:\Users\p_m_a\Aurora\Corpus\CORPUS-FPGA-v0.1\CORPUS-FPGA-v0.1\boards\tang_nano_9k\impl\gwsynthesis\corpus.vg" completed
Processing netlist completed
Reading constraint file: "C:\Users\p_m_a\Aurora\Corpus\CORPUS-FPGA-v0.1\CORPUS-FPGA-v0.1\boards\tang_nano_9k\corpus.cst"
Physical Constraint parsed completed
Running placement......
[10%] Placement Phase 0 completed
[20%] Placement Phase 1 completed
[30%] Placement Phase 2 completed
[50%] Placement Phase 3 completed
Running routing......
[60%] Routing Phase 0 completed
[70%] Routing Phase 1 completed
[80%] Routing Phase 2 completed
[90%] Routing Phase 3 completed
Running timing analysis......
[95%] Timing analysis completed
Placement and routing completed
Bitstream generation in progress......
Bitstream generation completed
Running power analysis......
[100%] Power analysis completed
Generate file "C:\Users\p_m_a\Aurora\Corpus\CORPUS-FPGA-v0.1\CORPUS-FPGA-v0.1\boards\tang_nano_9k\impl\pnr\corpus.power.html" completed
Generate file "C:\Users\p_m_a\Aurora\Corpus\CORPUS-FPGA-v0.1\CORPUS-FPGA-v0.1\boards\tang_nano_9k\impl\pnr\corpus.pin.html" completed
Generate file "C:\Users\p_m_a\Aurora\Corpus\CORPUS-FPGA-v0.1\CORPUS-FPGA-v0.1\boards\tang_nano_9k\impl\pnr\corpus.rpt.html" completed
Generate file "C:\Users\p_m_a\Aurora\Corpus\CORPUS-FPGA-v0.1\CORPUS-FPGA-v0.1\boards\tang_nano_9k\impl\pnr\corpus.rpt.txt" completed
Generate file "C:\Users\p_m_a\Aurora\Corpus\CORPUS-FPGA-v0.1\CORPUS-FPGA-v0.1\boards\tang_nano_9k\impl\pnr\corpus.tr.html" completed
Thu Sep 10 14:51:40 2026

